------------------------------------------------------------------
Timestamp: 2025-10-29 16:32:45
Exception Type: Microsoft.Data.SqlClient.SqlException
Message: A connection was successfully established with the server, but then an error occurred during the login process. (provider: SSL Provider, error: 0 - The certificate chain was issued by an authority that is not trusted.)
Stack Trace:    at Microsoft.Data.SqlClient.SqlInternalConnection.OnError(SqlException exception, Boolean breakConnection, Action`1 wrapCloseInAction)
   at Microsoft.Data.SqlClient.TdsParser.ThrowExceptionAndWarning(TdsParserStateObject stateObj, SqlCommand command, Boolean callerHasConnectionLock, Boolean asyncClose)
   at Microsoft.Data.SqlClient.TdsParserStateObject.ThrowExceptionAndWarning(Boolean callerHasConnectionLock, Boolean asyncClose)
   at Microsoft.Data.SqlClient.TdsParserStateObject.SNIWritePacket(PacketHandle packet, UInt32& sniError, Boolean canAccumulate, Boolean callerHasConnectionLock, Boolean asyncClose)
   at Microsoft.Data.SqlClient.TdsParserStateObject.WriteSni(Boolean canAccumulate)
   at Microsoft.Data.SqlClient.TdsParserStateObject.WritePacket(Byte flushMode, Boolean canAccumulate)
   at Microsoft.Data.SqlClient.TdsParser.TdsLogin(SqlLogin rec, FeatureExtension requestedFeatures, SessionData recoverySessionData, FederatedAuthenticationFeatureExtensionData fedAuthFeatureExtensionData, SqlConnectionEncryptOption encrypt)
   at Microsoft.Data.SqlClient.SqlInternalConnectionTds.Login(ServerInfo server, TimeoutTimer timeout, String newPassword, SecureString newSecurePassword, SqlConnectionEncryptOption encrypt)
   at Microsoft.Data.SqlClient.SqlInternalConnectionTds.AttemptOneLogin(ServerInfo serverInfo, String newPassword, SecureString newSecurePassword, TimeoutTimer timeout, Boolean withFailover)
   at Microsoft.Data.SqlClient.SqlInternalConnectionTds.LoginNoFailover(ServerInfo serverInfo, String newPassword, SecureString newSecurePassword, Boolean redirectedUserInstance, SqlConnectionString connectionOptions, SqlCredential credential, TimeoutTimer timeout)
   at Microsoft.Data.SqlClient.SqlInternalConnectionTds.OpenLoginEnlist(TimeoutTimer timeout, SqlConnectionString connectionOptions, SqlCredential credential, String newPassword, SecureString newSecurePassword, Boolean redirectedUserInstance)
   at Microsoft.Data.SqlClient.SqlInternalConnectionTds..ctor(DbConnectionPoolIdentity identity, SqlConnectionString connectionOptions, SqlCredential credential, Object providerInfo, String newPassword, SecureString newSecurePassword, Boolean redirectedUserInstance, SqlConnectionString userConnectionOptions, SessionData reconnectSessionData, Boolean applyTransientFaultHandling, String accessToken, IDbConnectionPool pool, Func`3 accessTokenCallback)
   at Microsoft.Data.SqlClient.SqlConnectionFactory.CreateConnection(DbConnectionOptions options, DbConnectionPoolKey poolKey, DbConnectionPoolGroupProviderInfo poolGroupProviderInfo, IDbConnectionPool pool, DbConnection owningConnection, DbConnectionOptions userOptions)
   at Microsoft.Data.ProviderBase.DbConnectionFactory.CreatePooledConnection(IDbConnectionPool pool, DbConnection owningObject, DbConnectionOptions options, DbConnectionPoolKey poolKey, DbConnectionOptions userOptions)
   at Microsoft.Data.SqlClient.ConnectionPool.WaitHandleDbConnectionPool.CreateObject(DbConnection owningObject, DbConnectionOptions userOptions, DbConnectionInternal oldConnection)
   at Microsoft.Data.SqlClient.ConnectionPool.WaitHandleDbConnectionPool.UserCreateRequest(DbConnection owningObject, DbConnectionOptions userOptions, DbConnectionInternal oldConnection)
   at Microsoft.Data.SqlClient.ConnectionPool.WaitHandleDbConnectionPool.TryGetConnection(DbConnection owningObject, UInt32 waitForMultipleObjectsTimeout, Boolean allowCreate, Boolean onlyOneCheckConnection, DbConnectionOptions userOptions, DbConnectionInternal& connection)
   at Microsoft.Data.SqlClient.ConnectionPool.WaitHandleDbConnectionPool.WaitForPendingOpen()
--- End of stack trace from previous location ---
   at MultiTenantHMS.BLL.Helper.DbHelper.ExecuteDataSetAsync(String storedProcedure, Action`1 addParameters) in D:\Surat\Product HMS\MultiTenantHMS.BLL\Helper\DbHelper.cs:line 47
   at MultiTenantHMS.BLL.Helper.DbHelper.ExecuteDataSetAsync(String storedProcedure, Action`1 addParameters) in D:\Surat\Product HMS\MultiTenantHMS.BLL\Helper\DbHelper.cs:line 60
   at MultiTenantHMS.BLL.Services.CommonService.ManageAsync(JsonObject model) in D:\Surat\Product HMS\MultiTenantHMS.BLL\Services\CommonService.cs:line 38
Inner Exception Message: The certificate chain was issued by an authority that is not trusted.
Inner Exception Stack Trace: 
------------------------------------------------------------------
------------------------------------------------------------------
Timestamp: 2025-10-29 16:34:39
Exception Type: Microsoft.Data.SqlClient.SqlException
Message: Id not found for read operation
Stack Trace:    at Microsoft.Data.SqlClient.SqlConnection.OnError(SqlException exception, Boolean breakConnection, Action`1 wrapCloseInAction)
   at Microsoft.Data.SqlClient.SqlInternalConnection.OnError(SqlException exception, Boolean breakConnection, Action`1 wrapCloseInAction)
   at Microsoft.Data.SqlClient.TdsParser.ThrowExceptionAndWarning(TdsParserStateObject stateObj, SqlCommand command, Boolean callerHasConnectionLock, Boolean asyncClose)
   at Microsoft.Data.SqlClient.TdsParser.TryRun(RunBehavior runBehavior, SqlCommand cmdHandler, SqlDataReader dataStream, BulkCopySimpleResultSet bulkCopyHandler, TdsParserStateObject stateObj, Boolean& dataReady)
   at Microsoft.Data.SqlClient.SqlDataReader.TryHasMoreRows(Boolean& moreRows)
   at Microsoft.Data.SqlClient.SqlDataReader.TryReadInternal(Boolean setTimeout, Boolean& more)
   at Microsoft.Data.SqlClient.SqlDataReader.TryNextResult(Boolean& more)
   at Microsoft.Data.SqlClient.SqlDataReader.NextResult()
   at System.Data.ProviderBase.DataReaderContainer.NextResult()
   at System.Data.Common.DataAdapter.FillNextResult(DataReaderContainer dataReader)
   at System.Data.Common.DataAdapter.FillFromReader(DataSet dataset, DataTable datatable, String srcTable, DataReaderContainer dataReader, Int32 startRecord, Int32 maxRecords, DataColumn parentChapterColumn, Object parentChapterValue)
   at System.Data.Common.DataAdapter.Fill(DataSet dataSet, String srcTable, IDataReader dataReader, Int32 startRecord, Int32 maxRecords)
   at System.Data.Common.DbDataAdapter.FillInternal(DataSet dataset, DataTable[] datatables, Int32 startRecord, Int32 maxRecords, String srcTable, IDbCommand command, CommandBehavior behavior)
   at System.Data.Common.DbDataAdapter.Fill(DataSet dataSet, Int32 startRecord, Int32 maxRecords, String srcTable, IDbCommand command, CommandBehavior behavior)
   at System.Data.Common.DbDataAdapter.Fill(DataSet dataSet)
   at MultiTenantHMS.BLL.Helper.DbHelper.ExecuteDataSetAsync(String storedProcedure, Action`1 addParameters) in D:\Surat\Product HMS\MultiTenantHMS.BLL\Helper\DbHelper.cs:line 53
   at MultiTenantHMS.BLL.Helper.DbHelper.ExecuteDataSetAsync(String storedProcedure, Action`1 addParameters) in D:\Surat\Product HMS\MultiTenantHMS.BLL\Helper\DbHelper.cs:line 60
   at MultiTenantHMS.BLL.Services.CommonService.ManageAsync(JsonObject model) in D:\Surat\Product HMS\MultiTenantHMS.BLL\Services\CommonService.cs:line 38
------------------------------------------------------------------
------------------------------------------------------------------
Timestamp: 2025-10-29 16:49:03
Exception Type: System.IndexOutOfRangeException
Message: Cannot find table 0.
Stack Trace:    at System.Data.DataTableCollection.get_Item(Int32 index)
   at MultiTenantHMS.BLL.Services.CommonService.ManageAsync(JsonObject model) in D:\Surat\Product HMS\MultiTenantHMS.BLL\Services\CommonService.cs:line 48
------------------------------------------------------------------
------------------------------------------------------------------
Timestamp: 2025-10-29 16:56:31
Exception Type: System.IndexOutOfRangeException
Message: Cannot find table 0.
Stack Trace:    at System.Data.DataTableCollection.get_Item(Int32 index)
   at MultiTenantHMS.BLL.Services.CommonService.ManageAsync(JsonObject model) in D:\Surat\Product HMS\MultiTenantHMS.BLL\Services\CommonService.cs:line 48
------------------------------------------------------------------
------------------------------------------------------------------
Timestamp: 2025-10-29 17:08:10
Exception Type: System.IndexOutOfRangeException
Message: Cannot find table 0.
Stack Trace:    at System.Data.DataTableCollection.get_Item(Int32 index)
   at MultiTenantHMS.BLL.Services.CommonService.ManageAsync(JsonObject model) in D:\Surat\Product HMS\MultiTenantHMS.BLL\Services\CommonService.cs:line 48
------------------------------------------------------------------
------------------------------------------------------------------
Timestamp: 2025-10-29 17:08:39
Exception Type: System.IndexOutOfRangeException
Message: Cannot find table 0.
Stack Trace:    at System.Data.DataTableCollection.get_Item(Int32 index)
   at MultiTenantHMS.BLL.Services.CommonService.ManageAsync(JsonObject model) in D:\Surat\Product HMS\MultiTenantHMS.BLL\Services\CommonService.cs:line 48
------------------------------------------------------------------
------------------------------------------------------------------
Timestamp: 2025-10-29 17:15:05
Exception Type: Microsoft.Data.SqlClient.SqlException
Message: mandatory fields are missing
Stack Trace:    at Microsoft.Data.SqlClient.SqlConnection.OnError(SqlException exception, Boolean breakConnection, Action`1 wrapCloseInAction)
   at Microsoft.Data.SqlClient.SqlInternalConnection.OnError(SqlException exception, Boolean breakConnection, Action`1 wrapCloseInAction)
   at Microsoft.Data.SqlClient.TdsParser.ThrowExceptionAndWarning(TdsParserStateObject stateObj, SqlCommand command, Boolean callerHasConnectionLock, Boolean asyncClose)
   at Microsoft.Data.SqlClient.TdsParser.TryRun(RunBehavior runBehavior, SqlCommand cmdHandler, SqlDataReader dataStream, BulkCopySimpleResultSet bulkCopyHandler, TdsParserStateObject stateObj, Boolean& dataReady)
   at Microsoft.Data.SqlClient.SqlDataReader.TryConsumeMetaData()
   at Microsoft.Data.SqlClient.SqlDataReader.get_MetaData()
   at Microsoft.Data.SqlClient.SqlCommand.FinishExecuteReader(SqlDataReader ds, RunBehavior runBehavior, String resetOptionsString, Boolean isInternal, Boolean forDescribeParameterEncryption, Boolean shouldCacheForAlwaysEncrypted)
   at Microsoft.Data.SqlClient.SqlCommand.RunExecuteReaderTds(CommandBehavior cmdBehavior, RunBehavior runBehavior, Boolean returnStream, Boolean isAsync, Int32 timeout, Task& task, Boolean asyncWrite, Boolean inRetry, SqlDataReader ds, Boolean describeParameterEncryptionRequest)
   at Microsoft.Data.SqlClient.SqlCommand.RunExecuteReader(CommandBehavior cmdBehavior, RunBehavior runBehavior, Boolean returnStream, TaskCompletionSource`1 completion, Int32 timeout, Task& task, Boolean& usedCache, Boolean asyncWrite, Boolean inRetry, String method)
   at Microsoft.Data.SqlClient.SqlCommand.RunExecuteReader(CommandBehavior cmdBehavior, RunBehavior runBehavior, Boolean returnStream, String method)
   at Microsoft.Data.SqlClient.SqlCommand.ExecuteReader(CommandBehavior behavior)
   at Microsoft.Data.SqlClient.SqlCommand.ExecuteDbDataReader(CommandBehavior behavior)
   at System.Data.Common.DbDataAdapter.FillInternal(DataSet dataset, DataTable[] datatables, Int32 startRecord, Int32 maxRecords, String srcTable, IDbCommand command, CommandBehavior behavior)
   at System.Data.Common.DbDataAdapter.Fill(DataSet dataSet, Int32 startRecord, Int32 maxRecords, String srcTable, IDbCommand command, CommandBehavior behavior)
   at System.Data.Common.DbDataAdapter.Fill(DataSet dataSet)
   at MultiTenantHMS.BLL.Helper.DbHelper.ExecuteDataSetAsync(String storedProcedure, Action`1 addParameters) in D:\Surat\Product HMS\MultiTenantHMS.BLL\Helper\DbHelper.cs:line 53
   at MultiTenantHMS.BLL.Helper.DbHelper.ExecuteDataSetAsync(String storedProcedure, Action`1 addParameters) in D:\Surat\Product HMS\MultiTenantHMS.BLL\Helper\DbHelper.cs:line 60
   at MultiTenantHMS.BLL.Services.CommonService.ManageAsync(JsonObject model) in D:\Surat\Product HMS\MultiTenantHMS.BLL\Services\CommonService.cs:line 38
------------------------------------------------------------------
------------------------------------------------------------------
Timestamp: 2025-10-29 17:23:57
Exception Type: Microsoft.Data.SqlClient.SqlException
Message: The INSERT statement conflicted with the FOREIGN KEY constraint "FK_User_Hospital". The conflict occurred in database "db_hms_dev", table "dbo.tblHospitalMaster", column 'HospitalId'.
Stack Trace:    at Microsoft.Data.SqlClient.SqlConnection.OnError(SqlException exception, Boolean breakConnection, Action`1 wrapCloseInAction)
   at Microsoft.Data.SqlClient.SqlInternalConnection.OnError(SqlException exception, Boolean breakConnection, Action`1 wrapCloseInAction)
   at Microsoft.Data.SqlClient.TdsParser.ThrowExceptionAndWarning(TdsParserStateObject stateObj, SqlCommand command, Boolean callerHasConnectionLock, Boolean asyncClose)
   at Microsoft.Data.SqlClient.TdsParser.TryRun(RunBehavior runBehavior, SqlCommand cmdHandler, SqlDataReader dataStream, BulkCopySimpleResultSet bulkCopyHandler, TdsParserStateObject stateObj, Boolean& dataReady)
   at Microsoft.Data.SqlClient.SqlDataReader.TryConsumeMetaData()
   at Microsoft.Data.SqlClient.SqlDataReader.get_MetaData()
   at Microsoft.Data.SqlClient.SqlCommand.FinishExecuteReader(SqlDataReader ds, RunBehavior runBehavior, String resetOptionsString, Boolean isInternal, Boolean forDescribeParameterEncryption, Boolean shouldCacheForAlwaysEncrypted)
   at Microsoft.Data.SqlClient.SqlCommand.RunExecuteReaderTds(CommandBehavior cmdBehavior, RunBehavior runBehavior, Boolean returnStream, Boolean isAsync, Int32 timeout, Task& task, Boolean asyncWrite, Boolean inRetry, SqlDataReader ds, Boolean describeParameterEncryptionRequest)
   at Microsoft.Data.SqlClient.SqlCommand.RunExecuteReader(CommandBehavior cmdBehavior, RunBehavior runBehavior, Boolean returnStream, TaskCompletionSource`1 completion, Int32 timeout, Task& task, Boolean& usedCache, Boolean asyncWrite, Boolean inRetry, String method)
   at Microsoft.Data.SqlClient.SqlCommand.RunExecuteReader(CommandBehavior cmdBehavior, RunBehavior runBehavior, Boolean returnStream, String method)
   at Microsoft.Data.SqlClient.SqlCommand.ExecuteReader(CommandBehavior behavior)
   at Microsoft.Data.SqlClient.SqlCommand.ExecuteDbDataReader(CommandBehavior behavior)
   at System.Data.Common.DbDataAdapter.FillInternal(DataSet dataset, DataTable[] datatables, Int32 startRecord, Int32 maxRecords, String srcTable, IDbCommand command, CommandBehavior behavior)
   at System.Data.Common.DbDataAdapter.Fill(DataSet dataSet, Int32 startRecord, Int32 maxRecords, String srcTable, IDbCommand command, CommandBehavior behavior)
   at System.Data.Common.DbDataAdapter.Fill(DataSet dataSet)
   at MultiTenantHMS.BLL.Helper.DbHelper.ExecuteDataSetAsync(String storedProcedure, Action`1 addParameters) in D:\Surat\Product HMS\MultiTenantHMS.BLL\Helper\DbHelper.cs:line 53
   at MultiTenantHMS.BLL.Helper.DbHelper.ExecuteDataSetAsync(String storedProcedure, Action`1 addParameters) in D:\Surat\Product HMS\MultiTenantHMS.BLL\Helper\DbHelper.cs:line 60
   at MultiTenantHMS.BLL.Services.CommonService.ManageAsync(JsonObject model) in D:\Surat\Product HMS\MultiTenantHMS.BLL\Services\CommonService.cs:line 38
------------------------------------------------------------------
------------------------------------------------------------------
Timestamp: 2025-10-29 17:24:16
Exception Type: Microsoft.Data.SqlClient.SqlException
Message: The INSERT statement conflicted with the FOREIGN KEY constraint "FK_User_Hospital". The conflict occurred in database "db_hms_dev", table "dbo.tblHospitalMaster", column 'HospitalId'.
Stack Trace:    at Microsoft.Data.SqlClient.SqlConnection.OnError(SqlException exception, Boolean breakConnection, Action`1 wrapCloseInAction)
   at Microsoft.Data.SqlClient.SqlInternalConnection.OnError(SqlException exception, Boolean breakConnection, Action`1 wrapCloseInAction)
   at Microsoft.Data.SqlClient.TdsParser.ThrowExceptionAndWarning(TdsParserStateObject stateObj, SqlCommand command, Boolean callerHasConnectionLock, Boolean asyncClose)
   at Microsoft.Data.SqlClient.TdsParser.TryRun(RunBehavior runBehavior, SqlCommand cmdHandler, SqlDataReader dataStream, BulkCopySimpleResultSet bulkCopyHandler, TdsParserStateObject stateObj, Boolean& dataReady)
   at Microsoft.Data.SqlClient.SqlDataReader.TryConsumeMetaData()
   at Microsoft.Data.SqlClient.SqlDataReader.get_MetaData()
   at Microsoft.Data.SqlClient.SqlCommand.FinishExecuteReader(SqlDataReader ds, RunBehavior runBehavior, String resetOptionsString, Boolean isInternal, Boolean forDescribeParameterEncryption, Boolean shouldCacheForAlwaysEncrypted)
   at Microsoft.Data.SqlClient.SqlCommand.RunExecuteReaderTds(CommandBehavior cmdBehavior, RunBehavior runBehavior, Boolean returnStream, Boolean isAsync, Int32 timeout, Task& task, Boolean asyncWrite, Boolean inRetry, SqlDataReader ds, Boolean describeParameterEncryptionRequest)
   at Microsoft.Data.SqlClient.SqlCommand.RunExecuteReader(CommandBehavior cmdBehavior, RunBehavior runBehavior, Boolean returnStream, TaskCompletionSource`1 completion, Int32 timeout, Task& task, Boolean& usedCache, Boolean asyncWrite, Boolean inRetry, String method)
   at Microsoft.Data.SqlClient.SqlCommand.RunExecuteReader(CommandBehavior cmdBehavior, RunBehavior runBehavior, Boolean returnStream, String method)
   at Microsoft.Data.SqlClient.SqlCommand.ExecuteReader(CommandBehavior behavior)
   at Microsoft.Data.SqlClient.SqlCommand.ExecuteDbDataReader(CommandBehavior behavior)
   at System.Data.Common.DbDataAdapter.FillInternal(DataSet dataset, DataTable[] datatables, Int32 startRecord, Int32 maxRecords, String srcTable, IDbCommand command, CommandBehavior behavior)
   at System.Data.Common.DbDataAdapter.Fill(DataSet dataSet, Int32 startRecord, Int32 maxRecords, String srcTable, IDbCommand command, CommandBehavior behavior)
   at System.Data.Common.DbDataAdapter.Fill(DataSet dataSet)
   at MultiTenantHMS.BLL.Helper.DbHelper.ExecuteDataSetAsync(String storedProcedure, Action`1 addParameters) in D:\Surat\Product HMS\MultiTenantHMS.BLL\Helper\DbHelper.cs:line 53
   at MultiTenantHMS.BLL.Helper.DbHelper.ExecuteDataSetAsync(String storedProcedure, Action`1 addParameters) in D:\Surat\Product HMS\MultiTenantHMS.BLL\Helper\DbHelper.cs:line 60
   at MultiTenantHMS.BLL.Services.CommonService.ManageAsync(JsonObject model) in D:\Surat\Product HMS\MultiTenantHMS.BLL\Services\CommonService.cs:line 38
------------------------------------------------------------------
------------------------------------------------------------------
Timestamp: 2025-10-29 17:26:16
Exception Type: Microsoft.Data.SqlClient.SqlException
Message: The INSERT statement conflicted with the FOREIGN KEY constraint "FK_User_Hospital". The conflict occurred in database "db_hms_dev", table "dbo.tblHospitalMaster", column 'HospitalId'.
Stack Trace:    at Microsoft.Data.SqlClient.SqlConnection.OnError(SqlException exception, Boolean breakConnection, Action`1 wrapCloseInAction)
   at Microsoft.Data.SqlClient.SqlInternalConnection.OnError(SqlException exception, Boolean breakConnection, Action`1 wrapCloseInAction)
   at Microsoft.Data.SqlClient.TdsParser.ThrowExceptionAndWarning(TdsParserStateObject stateObj, SqlCommand command, Boolean callerHasConnectionLock, Boolean asyncClose)
   at Microsoft.Data.SqlClient.TdsParser.TryRun(RunBehavior runBehavior, SqlCommand cmdHandler, SqlDataReader dataStream, BulkCopySimpleResultSet bulkCopyHandler, TdsParserStateObject stateObj, Boolean& dataReady)
   at Microsoft.Data.SqlClient.SqlDataReader.TryConsumeMetaData()
   at Microsoft.Data.SqlClient.SqlDataReader.get_MetaData()
   at Microsoft.Data.SqlClient.SqlCommand.FinishExecuteReader(SqlDataReader ds, RunBehavior runBehavior, String resetOptionsString, Boolean isInternal, Boolean forDescribeParameterEncryption, Boolean shouldCacheForAlwaysEncrypted)
   at Microsoft.Data.SqlClient.SqlCommand.RunExecuteReaderTds(CommandBehavior cmdBehavior, RunBehavior runBehavior, Boolean returnStream, Boolean isAsync, Int32 timeout, Task& task, Boolean asyncWrite, Boolean inRetry, SqlDataReader ds, Boolean describeParameterEncryptionRequest)
   at Microsoft.Data.SqlClient.SqlCommand.RunExecuteReader(CommandBehavior cmdBehavior, RunBehavior runBehavior, Boolean returnStream, TaskCompletionSource`1 completion, Int32 timeout, Task& task, Boolean& usedCache, Boolean asyncWrite, Boolean inRetry, String method)
   at Microsoft.Data.SqlClient.SqlCommand.RunExecuteReader(CommandBehavior cmdBehavior, RunBehavior runBehavior, Boolean returnStream, String method)
   at Microsoft.Data.SqlClient.SqlCommand.ExecuteReader(CommandBehavior behavior)
   at Microsoft.Data.SqlClient.SqlCommand.ExecuteDbDataReader(CommandBehavior behavior)
   at System.Data.Common.DbDataAdapter.FillInternal(DataSet dataset, DataTable[] datatables, Int32 startRecord, Int32 maxRecords, String srcTable, IDbCommand command, CommandBehavior behavior)
   at System.Data.Common.DbDataAdapter.Fill(DataSet dataSet, Int32 startRecord, Int32 maxRecords, String srcTable, IDbCommand command, CommandBehavior behavior)
   at System.Data.Common.DbDataAdapter.Fill(DataSet dataSet)
   at MultiTenantHMS.BLL.Helper.DbHelper.ExecuteDataSetAsync(String storedProcedure, Action`1 addParameters) in D:\Surat\Product HMS\MultiTenantHMS.BLL\Helper\DbHelper.cs:line 53
   at MultiTenantHMS.BLL.Helper.DbHelper.ExecuteDataSetAsync(String storedProcedure, Action`1 addParameters) in D:\Surat\Product HMS\MultiTenantHMS.BLL\Helper\DbHelper.cs:line 60
   at MultiTenantHMS.BLL.Services.CommonService.ManageAsync(JsonObject model) in D:\Surat\Product HMS\MultiTenantHMS.BLL\Services\CommonService.cs:line 38
------------------------------------------------------------------
------------------------------------------------------------------
Timestamp: 2025-10-29 17:28:56
Exception Type: System.IndexOutOfRangeException
Message: Cannot find table 0.
Stack Trace:    at System.Data.DataTableCollection.get_Item(Int32 index)
   at MultiTenantHMS.BLL.Services.CommonService.ManageAsync(JsonObject model) in D:\Surat\Product HMS\MultiTenantHMS.BLL\Services\CommonService.cs:line 48
------------------------------------------------------------------
------------------------------------------------------------------
Timestamp: 2025-10-29 17:29:59
Exception Type: Microsoft.Data.SqlClient.SqlException
Message: The INSERT statement conflicted with the FOREIGN KEY constraint "FK_User_Hospital". The conflict occurred in database "db_hms_dev", table "dbo.tblHospitalMaster", column 'HospitalId'.
Stack Trace:    at Microsoft.Data.SqlClient.SqlConnection.OnError(SqlException exception, Boolean breakConnection, Action`1 wrapCloseInAction)
   at Microsoft.Data.SqlClient.SqlInternalConnection.OnError(SqlException exception, Boolean breakConnection, Action`1 wrapCloseInAction)
   at Microsoft.Data.SqlClient.TdsParser.ThrowExceptionAndWarning(TdsParserStateObject stateObj, SqlCommand command, Boolean callerHasConnectionLock, Boolean asyncClose)
   at Microsoft.Data.SqlClient.TdsParser.TryRun(RunBehavior runBehavior, SqlCommand cmdHandler, SqlDataReader dataStream, BulkCopySimpleResultSet bulkCopyHandler, TdsParserStateObject stateObj, Boolean& dataReady)
   at Microsoft.Data.SqlClient.SqlDataReader.TryConsumeMetaData()
   at Microsoft.Data.SqlClient.SqlDataReader.get_MetaData()
   at Microsoft.Data.SqlClient.SqlCommand.FinishExecuteReader(SqlDataReader ds, RunBehavior runBehavior, String resetOptionsString, Boolean isInternal, Boolean forDescribeParameterEncryption, Boolean shouldCacheForAlwaysEncrypted)
   at Microsoft.Data.SqlClient.SqlCommand.RunExecuteReaderTds(CommandBehavior cmdBehavior, RunBehavior runBehavior, Boolean returnStream, Boolean isAsync, Int32 timeout, Task& task, Boolean asyncWrite, Boolean inRetry, SqlDataReader ds, Boolean describeParameterEncryptionRequest)
   at Microsoft.Data.SqlClient.SqlCommand.RunExecuteReader(CommandBehavior cmdBehavior, RunBehavior runBehavior, Boolean returnStream, TaskCompletionSource`1 completion, Int32 timeout, Task& task, Boolean& usedCache, Boolean asyncWrite, Boolean inRetry, String method)
   at Microsoft.Data.SqlClient.SqlCommand.RunExecuteReader(CommandBehavior cmdBehavior, RunBehavior runBehavior, Boolean returnStream, String method)
   at Microsoft.Data.SqlClient.SqlCommand.ExecuteReader(CommandBehavior behavior)
   at Microsoft.Data.SqlClient.SqlCommand.ExecuteDbDataReader(CommandBehavior behavior)
   at System.Data.Common.DbDataAdapter.FillInternal(DataSet dataset, DataTable[] datatables, Int32 startRecord, Int32 maxRecords, String srcTable, IDbCommand command, CommandBehavior behavior)
   at System.Data.Common.DbDataAdapter.Fill(DataSet dataSet, Int32 startRecord, Int32 maxRecords, String srcTable, IDbCommand command, CommandBehavior behavior)
   at System.Data.Common.DbDataAdapter.Fill(DataSet dataSet)
   at MultiTenantHMS.BLL.Helper.DbHelper.ExecuteDataSetAsync(String storedProcedure, Action`1 addParameters) in D:\Surat\Product HMS\MultiTenantHMS.BLL\Helper\DbHelper.cs:line 53
   at MultiTenantHMS.BLL.Helper.DbHelper.ExecuteDataSetAsync(String storedProcedure, Action`1 addParameters) in D:\Surat\Product HMS\MultiTenantHMS.BLL\Helper\DbHelper.cs:line 60
   at MultiTenantHMS.BLL.Services.CommonService.ManageAsync(JsonObject model) in D:\Surat\Product HMS\MultiTenantHMS.BLL\Services\CommonService.cs:line 38
------------------------------------------------------------------
------------------------------------------------------------------
Timestamp: 2025-10-29 17:30:52
Exception Type: Microsoft.Data.SqlClient.SqlException
Message: The INSERT statement conflicted with the FOREIGN KEY constraint "FK_User_Hospital". The conflict occurred in database "db_hms_dev", table "dbo.tblHospitalMaster", column 'HospitalId'.
Stack Trace:    at Microsoft.Data.SqlClient.SqlConnection.OnError(SqlException exception, Boolean breakConnection, Action`1 wrapCloseInAction)
   at Microsoft.Data.SqlClient.SqlInternalConnection.OnError(SqlException exception, Boolean breakConnection, Action`1 wrapCloseInAction)
   at Microsoft.Data.SqlClient.TdsParser.ThrowExceptionAndWarning(TdsParserStateObject stateObj, SqlCommand command, Boolean callerHasConnectionLock, Boolean asyncClose)
   at Microsoft.Data.SqlClient.TdsParser.TryRun(RunBehavior runBehavior, SqlCommand cmdHandler, SqlDataReader dataStream, BulkCopySimpleResultSet bulkCopyHandler, TdsParserStateObject stateObj, Boolean& dataReady)
   at Microsoft.Data.SqlClient.SqlDataReader.TryConsumeMetaData()
   at Microsoft.Data.SqlClient.SqlDataReader.get_MetaData()
   at Microsoft.Data.SqlClient.SqlCommand.FinishExecuteReader(SqlDataReader ds, RunBehavior runBehavior, String resetOptionsString, Boolean isInternal, Boolean forDescribeParameterEncryption, Boolean shouldCacheForAlwaysEncrypted)
   at Microsoft.Data.SqlClient.SqlCommand.RunExecuteReaderTds(CommandBehavior cmdBehavior, RunBehavior runBehavior, Boolean returnStream, Boolean isAsync, Int32 timeout, Task& task, Boolean asyncWrite, Boolean inRetry, SqlDataReader ds, Boolean describeParameterEncryptionRequest)
   at Microsoft.Data.SqlClient.SqlCommand.RunExecuteReader(CommandBehavior cmdBehavior, RunBehavior runBehavior, Boolean returnStream, TaskCompletionSource`1 completion, Int32 timeout, Task& task, Boolean& usedCache, Boolean asyncWrite, Boolean inRetry, String method)
   at Microsoft.Data.SqlClient.SqlCommand.RunExecuteReader(CommandBehavior cmdBehavior, RunBehavior runBehavior, Boolean returnStream, String method)
   at Microsoft.Data.SqlClient.SqlCommand.ExecuteReader(CommandBehavior behavior)
   at Microsoft.Data.SqlClient.SqlCommand.ExecuteDbDataReader(CommandBehavior behavior)
   at System.Data.Common.DbDataAdapter.FillInternal(DataSet dataset, DataTable[] datatables, Int32 startRecord, Int32 maxRecords, String srcTable, IDbCommand command, CommandBehavior behavior)
   at System.Data.Common.DbDataAdapter.Fill(DataSet dataSet, Int32 startRecord, Int32 maxRecords, String srcTable, IDbCommand command, CommandBehavior behavior)
   at System.Data.Common.DbDataAdapter.Fill(DataSet dataSet)
   at MultiTenantHMS.BLL.Helper.DbHelper.ExecuteDataSetAsync(String storedProcedure, Action`1 addParameters) in D:\Surat\Product HMS\MultiTenantHMS.BLL\Helper\DbHelper.cs:line 53
   at MultiTenantHMS.BLL.Helper.DbHelper.ExecuteDataSetAsync(String storedProcedure, Action`1 addParameters) in D:\Surat\Product HMS\MultiTenantHMS.BLL\Helper\DbHelper.cs:line 60
   at MultiTenantHMS.BLL.Services.CommonService.ManageAsync(JsonObject model) in D:\Surat\Product HMS\MultiTenantHMS.BLL\Services\CommonService.cs:line 38
------------------------------------------------------------------
------------------------------------------------------------------
Timestamp: 2025-10-29 17:31:06
Exception Type: Microsoft.Data.SqlClient.SqlException
Message: The INSERT statement conflicted with the FOREIGN KEY constraint "FK_User_Hospital". The conflict occurred in database "db_hms_dev", table "dbo.tblHospitalMaster", column 'HospitalId'.
Stack Trace:    at Microsoft.Data.SqlClient.SqlConnection.OnError(SqlException exception, Boolean breakConnection, Action`1 wrapCloseInAction)
   at Microsoft.Data.SqlClient.SqlInternalConnection.OnError(SqlException exception, Boolean breakConnection, Action`1 wrapCloseInAction)
   at Microsoft.Data.SqlClient.TdsParser.ThrowExceptionAndWarning(TdsParserStateObject stateObj, SqlCommand command, Boolean callerHasConnectionLock, Boolean asyncClose)
   at Microsoft.Data.SqlClient.TdsParser.TryRun(RunBehavior runBehavior, SqlCommand cmdHandler, SqlDataReader dataStream, BulkCopySimpleResultSet bulkCopyHandler, TdsParserStateObject stateObj, Boolean& dataReady)
   at Microsoft.Data.SqlClient.SqlDataReader.TryConsumeMetaData()
   at Microsoft.Data.SqlClient.SqlDataReader.get_MetaData()
   at Microsoft.Data.SqlClient.SqlCommand.FinishExecuteReader(SqlDataReader ds, RunBehavior runBehavior, String resetOptionsString, Boolean isInternal, Boolean forDescribeParameterEncryption, Boolean shouldCacheForAlwaysEncrypted)
   at Microsoft.Data.SqlClient.SqlCommand.RunExecuteReaderTds(CommandBehavior cmdBehavior, RunBehavior runBehavior, Boolean returnStream, Boolean isAsync, Int32 timeout, Task& task, Boolean asyncWrite, Boolean inRetry, SqlDataReader ds, Boolean describeParameterEncryptionRequest)
   at Microsoft.Data.SqlClient.SqlCommand.RunExecuteReader(CommandBehavior cmdBehavior, RunBehavior runBehavior, Boolean returnStream, TaskCompletionSource`1 completion, Int32 timeout, Task& task, Boolean& usedCache, Boolean asyncWrite, Boolean inRetry, String method)
   at Microsoft.Data.SqlClient.SqlCommand.RunExecuteReader(CommandBehavior cmdBehavior, RunBehavior runBehavior, Boolean returnStream, String method)
   at Microsoft.Data.SqlClient.SqlCommand.ExecuteReader(CommandBehavior behavior)
   at Microsoft.Data.SqlClient.SqlCommand.ExecuteDbDataReader(CommandBehavior behavior)
   at System.Data.Common.DbDataAdapter.FillInternal(DataSet dataset, DataTable[] datatables, Int32 startRecord, Int32 maxRecords, String srcTable, IDbCommand command, CommandBehavior behavior)
   at System.Data.Common.DbDataAdapter.Fill(DataSet dataSet, Int32 startRecord, Int32 maxRecords, String srcTable, IDbCommand command, CommandBehavior behavior)
   at System.Data.Common.DbDataAdapter.Fill(DataSet dataSet)
   at MultiTenantHMS.BLL.Helper.DbHelper.ExecuteDataSetAsync(String storedProcedure, Action`1 addParameters) in D:\Surat\Product HMS\MultiTenantHMS.BLL\Helper\DbHelper.cs:line 53
   at MultiTenantHMS.BLL.Helper.DbHelper.ExecuteDataSetAsync(String storedProcedure, Action`1 addParameters) in D:\Surat\Product HMS\MultiTenantHMS.BLL\Helper\DbHelper.cs:line 60
   at MultiTenantHMS.BLL.Services.CommonService.ManageAsync(JsonObject model) in D:\Surat\Product HMS\MultiTenantHMS.BLL\Services\CommonService.cs:line 38
------------------------------------------------------------------
------------------------------------------------------------------
Timestamp: 2025-10-29 17:32:14
Exception Type: Microsoft.Data.SqlClient.SqlException
Message: The INSERT statement conflicted with the FOREIGN KEY constraint "FK_User_Role". The conflict occurred in database "db_hms_dev", table "dbo.tblRole", column 'RoleId'.
Stack Trace:    at Microsoft.Data.SqlClient.SqlConnection.OnError(SqlException exception, Boolean breakConnection, Action`1 wrapCloseInAction)
   at Microsoft.Data.SqlClient.SqlInternalConnection.OnError(SqlException exception, Boolean breakConnection, Action`1 wrapCloseInAction)
   at Microsoft.Data.SqlClient.TdsParser.ThrowExceptionAndWarning(TdsParserStateObject stateObj, SqlCommand command, Boolean callerHasConnectionLock, Boolean asyncClose)
   at Microsoft.Data.SqlClient.TdsParser.TryRun(RunBehavior runBehavior, SqlCommand cmdHandler, SqlDataReader dataStream, BulkCopySimpleResultSet bulkCopyHandler, TdsParserStateObject stateObj, Boolean& dataReady)
   at Microsoft.Data.SqlClient.SqlDataReader.TryConsumeMetaData()
   at Microsoft.Data.SqlClient.SqlDataReader.get_MetaData()
   at Microsoft.Data.SqlClient.SqlCommand.FinishExecuteReader(SqlDataReader ds, RunBehavior runBehavior, String resetOptionsString, Boolean isInternal, Boolean forDescribeParameterEncryption, Boolean shouldCacheForAlwaysEncrypted)
   at Microsoft.Data.SqlClient.SqlCommand.RunExecuteReaderTds(CommandBehavior cmdBehavior, RunBehavior runBehavior, Boolean returnStream, Boolean isAsync, Int32 timeout, Task& task, Boolean asyncWrite, Boolean inRetry, SqlDataReader ds, Boolean describeParameterEncryptionRequest)
   at Microsoft.Data.SqlClient.SqlCommand.RunExecuteReader(CommandBehavior cmdBehavior, RunBehavior runBehavior, Boolean returnStream, TaskCompletionSource`1 completion, Int32 timeout, Task& task, Boolean& usedCache, Boolean asyncWrite, Boolean inRetry, String method)
   at Microsoft.Data.SqlClient.SqlCommand.RunExecuteReader(CommandBehavior cmdBehavior, RunBehavior runBehavior, Boolean returnStream, String method)
   at Microsoft.Data.SqlClient.SqlCommand.ExecuteReader(CommandBehavior behavior)
   at Microsoft.Data.SqlClient.SqlCommand.ExecuteDbDataReader(CommandBehavior behavior)
   at System.Data.Common.DbDataAdapter.FillInternal(DataSet dataset, DataTable[] datatables, Int32 startRecord, Int32 maxRecords, String srcTable, IDbCommand command, CommandBehavior behavior)
   at System.Data.Common.DbDataAdapter.Fill(DataSet dataSet, Int32 startRecord, Int32 maxRecords, String srcTable, IDbCommand command, CommandBehavior behavior)
   at System.Data.Common.DbDataAdapter.Fill(DataSet dataSet)
   at MultiTenantHMS.BLL.Helper.DbHelper.ExecuteDataSetAsync(String storedProcedure, Action`1 addParameters) in D:\Surat\Product HMS\MultiTenantHMS.BLL\Helper\DbHelper.cs:line 53
   at MultiTenantHMS.BLL.Helper.DbHelper.ExecuteDataSetAsync(String storedProcedure, Action`1 addParameters) in D:\Surat\Product HMS\MultiTenantHMS.BLL\Helper\DbHelper.cs:line 60
   at MultiTenantHMS.BLL.Services.CommonService.ManageAsync(JsonObject model) in D:\Surat\Product HMS\MultiTenantHMS.BLL\Services\CommonService.cs:line 38
------------------------------------------------------------------
------------------------------------------------------------------
Timestamp: 2025-10-29 17:32:41
Exception Type: Microsoft.Data.SqlClient.SqlException
Message: The INSERT statement conflicted with the FOREIGN KEY constraint "FK_User_Role". The conflict occurred in database "db_hms_dev", table "dbo.tblRole", column 'RoleId'.
Stack Trace:    at Microsoft.Data.SqlClient.SqlConnection.OnError(SqlException exception, Boolean breakConnection, Action`1 wrapCloseInAction)
   at Microsoft.Data.SqlClient.SqlInternalConnection.OnError(SqlException exception, Boolean breakConnection, Action`1 wrapCloseInAction)
   at Microsoft.Data.SqlClient.TdsParser.ThrowExceptionAndWarning(TdsParserStateObject stateObj, SqlCommand command, Boolean callerHasConnectionLock, Boolean asyncClose)
   at Microsoft.Data.SqlClient.TdsParser.TryRun(RunBehavior runBehavior, SqlCommand cmdHandler, SqlDataReader dataStream, BulkCopySimpleResultSet bulkCopyHandler, TdsParserStateObject stateObj, Boolean& dataReady)
   at Microsoft.Data.SqlClient.SqlDataReader.TryConsumeMetaData()
   at Microsoft.Data.SqlClient.SqlDataReader.get_MetaData()
   at Microsoft.Data.SqlClient.SqlCommand.FinishExecuteReader(SqlDataReader ds, RunBehavior runBehavior, String resetOptionsString, Boolean isInternal, Boolean forDescribeParameterEncryption, Boolean shouldCacheForAlwaysEncrypted)
   at Microsoft.Data.SqlClient.SqlCommand.RunExecuteReaderTds(CommandBehavior cmdBehavior, RunBehavior runBehavior, Boolean returnStream, Boolean isAsync, Int32 timeout, Task& task, Boolean asyncWrite, Boolean inRetry, SqlDataReader ds, Boolean describeParameterEncryptionRequest)
   at Microsoft.Data.SqlClient.SqlCommand.RunExecuteReader(CommandBehavior cmdBehavior, RunBehavior runBehavior, Boolean returnStream, TaskCompletionSource`1 completion, Int32 timeout, Task& task, Boolean& usedCache, Boolean asyncWrite, Boolean inRetry, String method)
   at Microsoft.Data.SqlClient.SqlCommand.RunExecuteReader(CommandBehavior cmdBehavior, RunBehavior runBehavior, Boolean returnStream, String method)
   at Microsoft.Data.SqlClient.SqlCommand.ExecuteReader(CommandBehavior behavior)
   at Microsoft.Data.SqlClient.SqlCommand.ExecuteDbDataReader(CommandBehavior behavior)
   at System.Data.Common.DbDataAdapter.FillInternal(DataSet dataset, DataTable[] datatables, Int32 startRecord, Int32 maxRecords, String srcTable, IDbCommand command, CommandBehavior behavior)
   at System.Data.Common.DbDataAdapter.Fill(DataSet dataSet, Int32 startRecord, Int32 maxRecords, String srcTable, IDbCommand command, CommandBehavior behavior)
   at System.Data.Common.DbDataAdapter.Fill(DataSet dataSet)
   at MultiTenantHMS.BLL.Helper.DbHelper.ExecuteDataSetAsync(String storedProcedure, Action`1 addParameters) in D:\Surat\Product HMS\MultiTenantHMS.BLL\Helper\DbHelper.cs:line 53
   at MultiTenantHMS.BLL.Helper.DbHelper.ExecuteDataSetAsync(String storedProcedure, Action`1 addParameters) in D:\Surat\Product HMS\MultiTenantHMS.BLL\Helper\DbHelper.cs:line 60
   at MultiTenantHMS.BLL.Services.CommonService.ManageAsync(JsonObject model) in D:\Surat\Product HMS\MultiTenantHMS.BLL\Services\CommonService.cs:line 38
------------------------------------------------------------------
------------------------------------------------------------------
Timestamp: 2025-10-29 17:36:13
Exception Type: Microsoft.Data.SqlClient.SqlException
Message: The INSERT statement conflicted with the FOREIGN KEY constraint "FK_User_Role". The conflict occurred in database "db_hms_dev", table "dbo.tblRole", column 'RoleId'.
Stack Trace:    at Microsoft.Data.SqlClient.SqlConnection.OnError(SqlException exception, Boolean breakConnection, Action`1 wrapCloseInAction)
   at Microsoft.Data.SqlClient.SqlInternalConnection.OnError(SqlException exception, Boolean breakConnection, Action`1 wrapCloseInAction)
   at Microsoft.Data.SqlClient.TdsParser.ThrowExceptionAndWarning(TdsParserStateObject stateObj, SqlCommand command, Boolean callerHasConnectionLock, Boolean asyncClose)
   at Microsoft.Data.SqlClient.TdsParser.TryRun(RunBehavior runBehavior, SqlCommand cmdHandler, SqlDataReader dataStream, BulkCopySimpleResultSet bulkCopyHandler, TdsParserStateObject stateObj, Boolean& dataReady)
   at Microsoft.Data.SqlClient.SqlDataReader.TryConsumeMetaData()
   at Microsoft.Data.SqlClient.SqlDataReader.get_MetaData()
   at Microsoft.Data.SqlClient.SqlCommand.FinishExecuteReader(SqlDataReader ds, RunBehavior runBehavior, String resetOptionsString, Boolean isInternal, Boolean forDescribeParameterEncryption, Boolean shouldCacheForAlwaysEncrypted)
   at Microsoft.Data.SqlClient.SqlCommand.RunExecuteReaderTds(CommandBehavior cmdBehavior, RunBehavior runBehavior, Boolean returnStream, Boolean isAsync, Int32 timeout, Task& task, Boolean asyncWrite, Boolean inRetry, SqlDataReader ds, Boolean describeParameterEncryptionRequest)
   at Microsoft.Data.SqlClient.SqlCommand.RunExecuteReader(CommandBehavior cmdBehavior, RunBehavior runBehavior, Boolean returnStream, TaskCompletionSource`1 completion, Int32 timeout, Task& task, Boolean& usedCache, Boolean asyncWrite, Boolean inRetry, String method)
   at Microsoft.Data.SqlClient.SqlCommand.RunExecuteReader(CommandBehavior cmdBehavior, RunBehavior runBehavior, Boolean returnStream, String method)
   at Microsoft.Data.SqlClient.SqlCommand.ExecuteReader(CommandBehavior behavior)
   at Microsoft.Data.SqlClient.SqlCommand.ExecuteDbDataReader(CommandBehavior behavior)
   at System.Data.Common.DbDataAdapter.FillInternal(DataSet dataset, DataTable[] datatables, Int32 startRecord, Int32 maxRecords, String srcTable, IDbCommand command, CommandBehavior behavior)
   at System.Data.Common.DbDataAdapter.Fill(DataSet dataSet, Int32 startRecord, Int32 maxRecords, String srcTable, IDbCommand command, CommandBehavior behavior)
   at System.Data.Common.DbDataAdapter.Fill(DataSet dataSet)
   at MultiTenantHMS.BLL.Helper.DbHelper.ExecuteDataSetAsync(String storedProcedure, Action`1 addParameters) in D:\Surat\Product HMS\MultiTenantHMS.BLL\Helper\DbHelper.cs:line 53
   at MultiTenantHMS.BLL.Helper.DbHelper.ExecuteDataSetAsync(String storedProcedure, Action`1 addParameters) in D:\Surat\Product HMS\MultiTenantHMS.BLL\Helper\DbHelper.cs:line 60
   at MultiTenantHMS.BLL.Services.CommonService.ManageAsync(JsonObject model) in D:\Surat\Product HMS\MultiTenantHMS.BLL\Services\CommonService.cs:line 38
------------------------------------------------------------------
------------------------------------------------------------------
Timestamp: 2025-10-29 17:38:35
Exception Type: System.IndexOutOfRangeException
Message: Cannot find table 0.
Stack Trace:    at System.Data.DataTableCollection.get_Item(Int32 index)
   at MultiTenantHMS.BLL.Services.CommonService.ManageAsync(JsonObject model) in D:\Surat\Product HMS\MultiTenantHMS.BLL\Services\CommonService.cs:line 48
------------------------------------------------------------------
------------------------------------------------------------------
Timestamp: 2025-10-29 17:41:52
Exception Type: Microsoft.Data.SqlClient.SqlException
Message: Contact already exists
Stack Trace:    at Microsoft.Data.SqlClient.SqlConnection.OnError(SqlException exception, Boolean breakConnection, Action`1 wrapCloseInAction)
   at Microsoft.Data.SqlClient.SqlInternalConnection.OnError(SqlException exception, Boolean breakConnection, Action`1 wrapCloseInAction)
   at Microsoft.Data.SqlClient.TdsParser.ThrowExceptionAndWarning(TdsParserStateObject stateObj, SqlCommand command, Boolean callerHasConnectionLock, Boolean asyncClose)
   at Microsoft.Data.SqlClient.TdsParser.TryRun(RunBehavior runBehavior, SqlCommand cmdHandler, SqlDataReader dataStream, BulkCopySimpleResultSet bulkCopyHandler, TdsParserStateObject stateObj, Boolean& dataReady)
   at Microsoft.Data.SqlClient.SqlDataReader.TryConsumeMetaData()
   at Microsoft.Data.SqlClient.SqlDataReader.get_MetaData()
   at Microsoft.Data.SqlClient.SqlCommand.FinishExecuteReader(SqlDataReader ds, RunBehavior runBehavior, String resetOptionsString, Boolean isInternal, Boolean forDescribeParameterEncryption, Boolean shouldCacheForAlwaysEncrypted)
   at Microsoft.Data.SqlClient.SqlCommand.RunExecuteReaderTds(CommandBehavior cmdBehavior, RunBehavior runBehavior, Boolean returnStream, Boolean isAsync, Int32 timeout, Task& task, Boolean asyncWrite, Boolean inRetry, SqlDataReader ds, Boolean describeParameterEncryptionRequest)
   at Microsoft.Data.SqlClient.SqlCommand.RunExecuteReader(CommandBehavior cmdBehavior, RunBehavior runBehavior, Boolean returnStream, TaskCompletionSource`1 completion, Int32 timeout, Task& task, Boolean& usedCache, Boolean asyncWrite, Boolean inRetry, String method)
   at Microsoft.Data.SqlClient.SqlCommand.RunExecuteReader(CommandBehavior cmdBehavior, RunBehavior runBehavior, Boolean returnStream, String method)
   at Microsoft.Data.SqlClient.SqlCommand.ExecuteReader(CommandBehavior behavior)
   at Microsoft.Data.SqlClient.SqlCommand.ExecuteDbDataReader(CommandBehavior behavior)
   at System.Data.Common.DbDataAdapter.FillInternal(DataSet dataset, DataTable[] datatables, Int32 startRecord, Int32 maxRecords, String srcTable, IDbCommand command, CommandBehavior behavior)
   at System.Data.Common.DbDataAdapter.Fill(DataSet dataSet, Int32 startRecord, Int32 maxRecords, String srcTable, IDbCommand command, CommandBehavior behavior)
   at System.Data.Common.DbDataAdapter.Fill(DataSet dataSet)
   at MultiTenantHMS.BLL.Helper.DbHelper.ExecuteDataSetAsync(String storedProcedure, Action`1 addParameters) in D:\Surat\Product HMS\MultiTenantHMS.BLL\Helper\DbHelper.cs:line 53
   at MultiTenantHMS.BLL.Helper.DbHelper.ExecuteDataSetAsync(String storedProcedure, Action`1 addParameters) in D:\Surat\Product HMS\MultiTenantHMS.BLL\Helper\DbHelper.cs:line 60
   at MultiTenantHMS.BLL.Services.CommonService.ManageAsync(JsonObject model) in D:\Surat\Product HMS\MultiTenantHMS.BLL\Services\CommonService.cs:line 38
------------------------------------------------------------------
------------------------------------------------------------------
Timestamp: 2025-10-29 17:42:40
Exception Type: Microsoft.Data.SqlClient.SqlException
Message: The INSERT statement conflicted with the FOREIGN KEY constraint "FK_User_Hospital". The conflict occurred in database "db_hms_dev", table "dbo.tblHospitalMaster", column 'HospitalId'.
Stack Trace:    at Microsoft.Data.SqlClient.SqlConnection.OnError(SqlException exception, Boolean breakConnection, Action`1 wrapCloseInAction)
   at Microsoft.Data.SqlClient.SqlInternalConnection.OnError(SqlException exception, Boolean breakConnection, Action`1 wrapCloseInAction)
   at Microsoft.Data.SqlClient.TdsParser.ThrowExceptionAndWarning(TdsParserStateObject stateObj, SqlCommand command, Boolean callerHasConnectionLock, Boolean asyncClose)
   at Microsoft.Data.SqlClient.TdsParser.TryRun(RunBehavior runBehavior, SqlCommand cmdHandler, SqlDataReader dataStream, BulkCopySimpleResultSet bulkCopyHandler, TdsParserStateObject stateObj, Boolean& dataReady)
   at Microsoft.Data.SqlClient.SqlDataReader.TryConsumeMetaData()
   at Microsoft.Data.SqlClient.SqlDataReader.get_MetaData()
   at Microsoft.Data.SqlClient.SqlCommand.FinishExecuteReader(SqlDataReader ds, RunBehavior runBehavior, String resetOptionsString, Boolean isInternal, Boolean forDescribeParameterEncryption, Boolean shouldCacheForAlwaysEncrypted)
   at Microsoft.Data.SqlClient.SqlCommand.RunExecuteReaderTds(CommandBehavior cmdBehavior, RunBehavior runBehavior, Boolean returnStream, Boolean isAsync, Int32 timeout, Task& task, Boolean asyncWrite, Boolean inRetry, SqlDataReader ds, Boolean describeParameterEncryptionRequest)
   at Microsoft.Data.SqlClient.SqlCommand.RunExecuteReader(CommandBehavior cmdBehavior, RunBehavior runBehavior, Boolean returnStream, TaskCompletionSource`1 completion, Int32 timeout, Task& task, Boolean& usedCache, Boolean asyncWrite, Boolean inRetry, String method)
   at Microsoft.Data.SqlClient.SqlCommand.RunExecuteReader(CommandBehavior cmdBehavior, RunBehavior runBehavior, Boolean returnStream, String method)
   at Microsoft.Data.SqlClient.SqlCommand.ExecuteReader(CommandBehavior behavior)
   at Microsoft.Data.SqlClient.SqlCommand.ExecuteDbDataReader(CommandBehavior behavior)
   at System.Data.Common.DbDataAdapter.FillInternal(DataSet dataset, DataTable[] datatables, Int32 startRecord, Int32 maxRecords, String srcTable, IDbCommand command, CommandBehavior behavior)
   at System.Data.Common.DbDataAdapter.Fill(DataSet dataSet, Int32 startRecord, Int32 maxRecords, String srcTable, IDbCommand command, CommandBehavior behavior)
   at System.Data.Common.DbDataAdapter.Fill(DataSet dataSet)
   at MultiTenantHMS.BLL.Helper.DbHelper.ExecuteDataSetAsync(String storedProcedure, Action`1 addParameters) in D:\Surat\Product HMS\MultiTenantHMS.BLL\Helper\DbHelper.cs:line 53
   at MultiTenantHMS.BLL.Helper.DbHelper.ExecuteDataSetAsync(String storedProcedure, Action`1 addParameters) in D:\Surat\Product HMS\MultiTenantHMS.BLL\Helper\DbHelper.cs:line 60
   at MultiTenantHMS.BLL.Services.CommonService.ManageAsync(JsonObject model) in D:\Surat\Product HMS\MultiTenantHMS.BLL\Services\CommonService.cs:line 38
------------------------------------------------------------------
------------------------------------------------------------------
Timestamp: 2025-10-29 17:42:56
Exception Type: Microsoft.Data.SqlClient.SqlException
Message: The INSERT statement conflicted with the FOREIGN KEY constraint "FK_User_Hospital". The conflict occurred in database "db_hms_dev", table "dbo.tblHospitalMaster", column 'HospitalId'.
Stack Trace:    at Microsoft.Data.SqlClient.SqlConnection.OnError(SqlException exception, Boolean breakConnection, Action`1 wrapCloseInAction)
   at Microsoft.Data.SqlClient.SqlInternalConnection.OnError(SqlException exception, Boolean breakConnection, Action`1 wrapCloseInAction)
   at Microsoft.Data.SqlClient.TdsParser.ThrowExceptionAndWarning(TdsParserStateObject stateObj, SqlCommand command, Boolean callerHasConnectionLock, Boolean asyncClose)
   at Microsoft.Data.SqlClient.TdsParser.TryRun(RunBehavior runBehavior, SqlCommand cmdHandler, SqlDataReader dataStream, BulkCopySimpleResultSet bulkCopyHandler, TdsParserStateObject stateObj, Boolean& dataReady)
   at Microsoft.Data.SqlClient.SqlDataReader.TryConsumeMetaData()
   at Microsoft.Data.SqlClient.SqlDataReader.get_MetaData()
   at Microsoft.Data.SqlClient.SqlCommand.FinishExecuteReader(SqlDataReader ds, RunBehavior runBehavior, String resetOptionsString, Boolean isInternal, Boolean forDescribeParameterEncryption, Boolean shouldCacheForAlwaysEncrypted)
   at Microsoft.Data.SqlClient.SqlCommand.RunExecuteReaderTds(CommandBehavior cmdBehavior, RunBehavior runBehavior, Boolean returnStream, Boolean isAsync, Int32 timeout, Task& task, Boolean asyncWrite, Boolean inRetry, SqlDataReader ds, Boolean describeParameterEncryptionRequest)
   at Microsoft.Data.SqlClient.SqlCommand.RunExecuteReader(CommandBehavior cmdBehavior, RunBehavior runBehavior, Boolean returnStream, TaskCompletionSource`1 completion, Int32 timeout, Task& task, Boolean& usedCache, Boolean asyncWrite, Boolean inRetry, String method)
   at Microsoft.Data.SqlClient.SqlCommand.RunExecuteReader(CommandBehavior cmdBehavior, RunBehavior runBehavior, Boolean returnStream, String method)
   at Microsoft.Data.SqlClient.SqlCommand.ExecuteReader(CommandBehavior behavior)
   at Microsoft.Data.SqlClient.SqlCommand.ExecuteDbDataReader(CommandBehavior behavior)
   at System.Data.Common.DbDataAdapter.FillInternal(DataSet dataset, DataTable[] datatables, Int32 startRecord, Int32 maxRecords, String srcTable, IDbCommand command, CommandBehavior behavior)
   at System.Data.Common.DbDataAdapter.Fill(DataSet dataSet, Int32 startRecord, Int32 maxRecords, String srcTable, IDbCommand command, CommandBehavior behavior)
   at System.Data.Common.DbDataAdapter.Fill(DataSet dataSet)
   at MultiTenantHMS.BLL.Helper.DbHelper.ExecuteDataSetAsync(String storedProcedure, Action`1 addParameters) in D:\Surat\Product HMS\MultiTenantHMS.BLL\Helper\DbHelper.cs:line 53
   at MultiTenantHMS.BLL.Helper.DbHelper.ExecuteDataSetAsync(String storedProcedure, Action`1 addParameters) in D:\Surat\Product HMS\MultiTenantHMS.BLL\Helper\DbHelper.cs:line 60
   at MultiTenantHMS.BLL.Services.CommonService.ManageAsync(JsonObject model) in D:\Surat\Product HMS\MultiTenantHMS.BLL\Services\CommonService.cs:line 38
------------------------------------------------------------------
------------------------------------------------------------------
Timestamp: 2025-10-29 17:50:42
Exception Type: Microsoft.Data.SqlClient.SqlException
Message: The INSERT statement conflicted with the FOREIGN KEY constraint "FK_User_Hospital". The conflict occurred in database "db_hms_dev", table "dbo.tblHospitalMaster", column 'HospitalId'.
Stack Trace:    at Microsoft.Data.SqlClient.SqlConnection.OnError(SqlException exception, Boolean breakConnection, Action`1 wrapCloseInAction)
   at Microsoft.Data.SqlClient.SqlInternalConnection.OnError(SqlException exception, Boolean breakConnection, Action`1 wrapCloseInAction)
   at Microsoft.Data.SqlClient.TdsParser.ThrowExceptionAndWarning(TdsParserStateObject stateObj, SqlCommand command, Boolean callerHasConnectionLock, Boolean asyncClose)
   at Microsoft.Data.SqlClient.TdsParser.TryRun(RunBehavior runBehavior, SqlCommand cmdHandler, SqlDataReader dataStream, BulkCopySimpleResultSet bulkCopyHandler, TdsParserStateObject stateObj, Boolean& dataReady)
   at Microsoft.Data.SqlClient.SqlDataReader.TryConsumeMetaData()
   at Microsoft.Data.SqlClient.SqlDataReader.get_MetaData()
   at Microsoft.Data.SqlClient.SqlCommand.FinishExecuteReader(SqlDataReader ds, RunBehavior runBehavior, String resetOptionsString, Boolean isInternal, Boolean forDescribeParameterEncryption, Boolean shouldCacheForAlwaysEncrypted)
   at Microsoft.Data.SqlClient.SqlCommand.RunExecuteReaderTds(CommandBehavior cmdBehavior, RunBehavior runBehavior, Boolean returnStream, Boolean isAsync, Int32 timeout, Task& task, Boolean asyncWrite, Boolean inRetry, SqlDataReader ds, Boolean describeParameterEncryptionRequest)
   at Microsoft.Data.SqlClient.SqlCommand.RunExecuteReader(CommandBehavior cmdBehavior, RunBehavior runBehavior, Boolean returnStream, TaskCompletionSource`1 completion, Int32 timeout, Task& task, Boolean& usedCache, Boolean asyncWrite, Boolean inRetry, String method)
   at Microsoft.Data.SqlClient.SqlCommand.RunExecuteReader(CommandBehavior cmdBehavior, RunBehavior runBehavior, Boolean returnStream, String method)
   at Microsoft.Data.SqlClient.SqlCommand.ExecuteReader(CommandBehavior behavior)
   at Microsoft.Data.SqlClient.SqlCommand.ExecuteDbDataReader(CommandBehavior behavior)
   at System.Data.Common.DbDataAdapter.FillInternal(DataSet dataset, DataTable[] datatables, Int32 startRecord, Int32 maxRecords, String srcTable, IDbCommand command, CommandBehavior behavior)
   at System.Data.Common.DbDataAdapter.Fill(DataSet dataSet, Int32 startRecord, Int32 maxRecords, String srcTable, IDbCommand command, CommandBehavior behavior)
   at System.Data.Common.DbDataAdapter.Fill(DataSet dataSet)
   at MultiTenantHMS.BLL.Helper.DbHelper.ExecuteDataSetAsync(String storedProcedure, Action`1 addParameters) in D:\Surat\Product HMS\MultiTenantHMS.BLL\Helper\DbHelper.cs:line 53
   at MultiTenantHMS.BLL.Helper.DbHelper.ExecuteDataSetAsync(String storedProcedure, Action`1 addParameters) in D:\Surat\Product HMS\MultiTenantHMS.BLL\Helper\DbHelper.cs:line 60
   at MultiTenantHMS.BLL.Services.CommonService.ManageAsync(JsonObject model) in D:\Surat\Product HMS\MultiTenantHMS.BLL\Services\CommonService.cs:line 38
------------------------------------------------------------------
------------------------------------------------------------------
Timestamp: 2025-10-29 17:51:38
Exception Type: Microsoft.Data.SqlClient.SqlException
Message: The INSERT statement conflicted with the FOREIGN KEY constraint "FK_User_Hospital". The conflict occurred in database "db_hms_dev", table "dbo.tblHospitalMaster", column 'HospitalId'.
Stack Trace:    at Microsoft.Data.SqlClient.SqlConnection.OnError(SqlException exception, Boolean breakConnection, Action`1 wrapCloseInAction)
   at Microsoft.Data.SqlClient.SqlInternalConnection.OnError(SqlException exception, Boolean breakConnection, Action`1 wrapCloseInAction)
   at Microsoft.Data.SqlClient.TdsParser.ThrowExceptionAndWarning(TdsParserStateObject stateObj, SqlCommand command, Boolean callerHasConnectionLock, Boolean asyncClose)
   at Microsoft.Data.SqlClient.TdsParser.TryRun(RunBehavior runBehavior, SqlCommand cmdHandler, SqlDataReader dataStream, BulkCopySimpleResultSet bulkCopyHandler, TdsParserStateObject stateObj, Boolean& dataReady)
   at Microsoft.Data.SqlClient.SqlDataReader.TryConsumeMetaData()
   at Microsoft.Data.SqlClient.SqlDataReader.get_MetaData()
   at Microsoft.Data.SqlClient.SqlCommand.FinishExecuteReader(SqlDataReader ds, RunBehavior runBehavior, String resetOptionsString, Boolean isInternal, Boolean forDescribeParameterEncryption, Boolean shouldCacheForAlwaysEncrypted)
   at Microsoft.Data.SqlClient.SqlCommand.RunExecuteReaderTds(CommandBehavior cmdBehavior, RunBehavior runBehavior, Boolean returnStream, Boolean isAsync, Int32 timeout, Task& task, Boolean asyncWrite, Boolean inRetry, SqlDataReader ds, Boolean describeParameterEncryptionRequest)
   at Microsoft.Data.SqlClient.SqlCommand.RunExecuteReader(CommandBehavior cmdBehavior, RunBehavior runBehavior, Boolean returnStream, TaskCompletionSource`1 completion, Int32 timeout, Task& task, Boolean& usedCache, Boolean asyncWrite, Boolean inRetry, String method)
   at Microsoft.Data.SqlClient.SqlCommand.RunExecuteReader(CommandBehavior cmdBehavior, RunBehavior runBehavior, Boolean returnStream, String method)
   at Microsoft.Data.SqlClient.SqlCommand.ExecuteReader(CommandBehavior behavior)
   at Microsoft.Data.SqlClient.SqlCommand.ExecuteDbDataReader(CommandBehavior behavior)
   at System.Data.Common.DbDataAdapter.FillInternal(DataSet dataset, DataTable[] datatables, Int32 startRecord, Int32 maxRecords, String srcTable, IDbCommand command, CommandBehavior behavior)
   at System.Data.Common.DbDataAdapter.Fill(DataSet dataSet, Int32 startRecord, Int32 maxRecords, String srcTable, IDbCommand command, CommandBehavior behavior)
   at System.Data.Common.DbDataAdapter.Fill(DataSet dataSet)
   at MultiTenantHMS.BLL.Helper.DbHelper.ExecuteDataSetAsync(String storedProcedure, Action`1 addParameters) in D:\Surat\Product HMS\MultiTenantHMS.BLL\Helper\DbHelper.cs:line 53
   at MultiTenantHMS.BLL.Helper.DbHelper.ExecuteDataSetAsync(String storedProcedure, Action`1 addParameters) in D:\Surat\Product HMS\MultiTenantHMS.BLL\Helper\DbHelper.cs:line 60
   at MultiTenantHMS.BLL.Services.CommonService.ManageAsync(JsonObject model) in D:\Surat\Product HMS\MultiTenantHMS.BLL\Services\CommonService.cs:line 38
------------------------------------------------------------------
------------------------------------------------------------------
Timestamp: 2025-10-29 17:52:01
Exception Type: System.IndexOutOfRangeException
Message: Cannot find table 0.
Stack Trace:    at System.Data.DataTableCollection.get_Item(Int32 index)
   at MultiTenantHMS.BLL.Services.CommonService.ManageAsync(JsonObject model) in D:\Surat\Product HMS\MultiTenantHMS.BLL\Services\CommonService.cs:line 48
------------------------------------------------------------------
------------------------------------------------------------------
Timestamp: 2025-10-29 17:53:09
Exception Type: System.IndexOutOfRangeException
Message: Cannot find table 0.
Stack Trace:    at System.Data.DataTableCollection.get_Item(Int32 index)
   at MultiTenantHMS.BLL.Services.CommonService.ManageAsync(JsonObject model) in D:\Surat\Product HMS\MultiTenantHMS.BLL\Services\CommonService.cs:line 48
------------------------------------------------------------------
------------------------------------------------------------------
Timestamp: 2025-10-29 17:54:08
Exception Type: System.IndexOutOfRangeException
Message: Cannot find table 0.
Stack Trace:    at System.Data.DataTableCollection.get_Item(Int32 index)
   at MultiTenantHMS.BLL.Services.CommonService.ManageAsync(JsonObject model) in D:\Surat\Product HMS\MultiTenantHMS.BLL\Services\CommonService.cs:line 48
------------------------------------------------------------------
------------------------------------------------------------------
Timestamp: 2025-10-29 17:54:39
Exception Type: System.IndexOutOfRangeException
Message: Cannot find table 0.
Stack Trace:    at System.Data.DataTableCollection.get_Item(Int32 index)
   at MultiTenantHMS.BLL.Services.CommonService.ManageAsync(JsonObject model) in D:\Surat\Product HMS\MultiTenantHMS.BLL\Services\CommonService.cs:line 48
------------------------------------------------------------------
------------------------------------------------------------------
Timestamp: 2025-10-29 17:56:13
Exception Type: System.IndexOutOfRangeException
Message: Cannot find table 0.
Stack Trace:    at System.Data.DataTableCollection.get_Item(Int32 index)
   at MultiTenantHMS.BLL.Services.CommonService.ManageAsync(JsonObject model) in D:\Surat\Product HMS\MultiTenantHMS.BLL\Services\CommonService.cs:line 48
------------------------------------------------------------------
------------------------------------------------------------------
Timestamp: 2025-10-29 17:59:39
Exception Type: System.IndexOutOfRangeException
Message: Cannot find table 0.
Stack Trace:    at System.Data.DataTableCollection.get_Item(Int32 index)
   at MultiTenantHMS.BLL.Services.CommonService.ManageAsync(JsonObject model) in D:\Surat\Product HMS\MultiTenantHMS.BLL\Services\CommonService.cs:line 48
------------------------------------------------------------------
------------------------------------------------------------------
Timestamp: 2025-10-29 18:01:11
Exception Type: Microsoft.Data.SqlClient.SqlException
Message: Id not found for read operation
Stack Trace:    at Microsoft.Data.SqlClient.SqlConnection.OnError(SqlException exception, Boolean breakConnection, Action`1 wrapCloseInAction)
   at Microsoft.Data.SqlClient.SqlInternalConnection.OnError(SqlException exception, Boolean breakConnection, Action`1 wrapCloseInAction)
   at Microsoft.Data.SqlClient.TdsParser.ThrowExceptionAndWarning(TdsParserStateObject stateObj, SqlCommand command, Boolean callerHasConnectionLock, Boolean asyncClose)
   at Microsoft.Data.SqlClient.TdsParser.TryRun(RunBehavior runBehavior, SqlCommand cmdHandler, SqlDataReader dataStream, BulkCopySimpleResultSet bulkCopyHandler, TdsParserStateObject stateObj, Boolean& dataReady)
   at Microsoft.Data.SqlClient.SqlDataReader.TryHasMoreRows(Boolean& moreRows)
   at Microsoft.Data.SqlClient.SqlDataReader.TryReadInternal(Boolean setTimeout, Boolean& more)
   at Microsoft.Data.SqlClient.SqlDataReader.TryNextResult(Boolean& more)
   at Microsoft.Data.SqlClient.SqlDataReader.NextResult()
   at System.Data.ProviderBase.DataReaderContainer.NextResult()
   at System.Data.Common.DataAdapter.FillNextResult(DataReaderContainer dataReader)
   at System.Data.Common.DataAdapter.FillFromReader(DataSet dataset, DataTable datatable, String srcTable, DataReaderContainer dataReader, Int32 startRecord, Int32 maxRecords, DataColumn parentChapterColumn, Object parentChapterValue)
   at System.Data.Common.DataAdapter.Fill(DataSet dataSet, String srcTable, IDataReader dataReader, Int32 startRecord, Int32 maxRecords)
   at System.Data.Common.DbDataAdapter.FillInternal(DataSet dataset, DataTable[] datatables, Int32 startRecord, Int32 maxRecords, String srcTable, IDbCommand command, CommandBehavior behavior)
   at System.Data.Common.DbDataAdapter.Fill(DataSet dataSet, Int32 startRecord, Int32 maxRecords, String srcTable, IDbCommand command, CommandBehavior behavior)
   at System.Data.Common.DbDataAdapter.Fill(DataSet dataSet)
   at MultiTenantHMS.BLL.Helper.DbHelper.ExecuteDataSetAsync(String storedProcedure, Action`1 addParameters) in D:\Surat\Product HMS\MultiTenantHMS.BLL\Helper\DbHelper.cs:line 53
   at MultiTenantHMS.BLL.Helper.DbHelper.ExecuteDataSetAsync(String storedProcedure, Action`1 addParameters) in D:\Surat\Product HMS\MultiTenantHMS.BLL\Helper\DbHelper.cs:line 60
   at MultiTenantHMS.BLL.Services.CommonService.ManageAsync(JsonObject model) in D:\Surat\Product HMS\MultiTenantHMS.BLL\Services\CommonService.cs:line 38
------------------------------------------------------------------
------------------------------------------------------------------
Timestamp: 2025-10-29 18:01:43
Exception Type: Microsoft.Data.SqlClient.SqlException
Message: Id not found for read operation
Stack Trace:    at Microsoft.Data.SqlClient.SqlConnection.OnError(SqlException exception, Boolean breakConnection, Action`1 wrapCloseInAction)
   at Microsoft.Data.SqlClient.SqlInternalConnection.OnError(SqlException exception, Boolean breakConnection, Action`1 wrapCloseInAction)
   at Microsoft.Data.SqlClient.TdsParser.ThrowExceptionAndWarning(TdsParserStateObject stateObj, SqlCommand command, Boolean callerHasConnectionLock, Boolean asyncClose)
   at Microsoft.Data.SqlClient.TdsParser.TryRun(RunBehavior runBehavior, SqlCommand cmdHandler, SqlDataReader dataStream, BulkCopySimpleResultSet bulkCopyHandler, TdsParserStateObject stateObj, Boolean& dataReady)
   at Microsoft.Data.SqlClient.SqlDataReader.TryHasMoreRows(Boolean& moreRows)
   at Microsoft.Data.SqlClient.SqlDataReader.TryReadInternal(Boolean setTimeout, Boolean& more)
   at Microsoft.Data.SqlClient.SqlDataReader.TryNextResult(Boolean& more)
   at Microsoft.Data.SqlClient.SqlDataReader.NextResult()
   at System.Data.ProviderBase.DataReaderContainer.NextResult()
   at System.Data.Common.DataAdapter.FillNextResult(DataReaderContainer dataReader)
   at System.Data.Common.DataAdapter.FillFromReader(DataSet dataset, DataTable datatable, String srcTable, DataReaderContainer dataReader, Int32 startRecord, Int32 maxRecords, DataColumn parentChapterColumn, Object parentChapterValue)
   at System.Data.Common.DataAdapter.Fill(DataSet dataSet, String srcTable, IDataReader dataReader, Int32 startRecord, Int32 maxRecords)
   at System.Data.Common.DbDataAdapter.FillInternal(DataSet dataset, DataTable[] datatables, Int32 startRecord, Int32 maxRecords, String srcTable, IDbCommand command, CommandBehavior behavior)
   at System.Data.Common.DbDataAdapter.Fill(DataSet dataSet, Int32 startRecord, Int32 maxRecords, String srcTable, IDbCommand command, CommandBehavior behavior)
   at System.Data.Common.DbDataAdapter.Fill(DataSet dataSet)
   at MultiTenantHMS.BLL.Helper.DbHelper.ExecuteDataSetAsync(String storedProcedure, Action`1 addParameters) in D:\Surat\Product HMS\MultiTenantHMS.BLL\Helper\DbHelper.cs:line 53
   at MultiTenantHMS.BLL.Helper.DbHelper.ExecuteDataSetAsync(String storedProcedure, Action`1 addParameters) in D:\Surat\Product HMS\MultiTenantHMS.BLL\Helper\DbHelper.cs:line 60
   at MultiTenantHMS.BLL.Services.CommonService.ManageAsync(JsonObject model) in D:\Surat\Product HMS\MultiTenantHMS.BLL\Services\CommonService.cs:line 38
------------------------------------------------------------------
------------------------------------------------------------------
Timestamp: 2025-10-29 18:03:10
Exception Type: Microsoft.Data.SqlClient.SqlException
Message: Id not found for read operation
Stack Trace:    at Microsoft.Data.SqlClient.SqlConnection.OnError(SqlException exception, Boolean breakConnection, Action`1 wrapCloseInAction)
   at Microsoft.Data.SqlClient.SqlInternalConnection.OnError(SqlException exception, Boolean breakConnection, Action`1 wrapCloseInAction)
   at Microsoft.Data.SqlClient.TdsParser.ThrowExceptionAndWarning(TdsParserStateObject stateObj, SqlCommand command, Boolean callerHasConnectionLock, Boolean asyncClose)
   at Microsoft.Data.SqlClient.TdsParser.TryRun(RunBehavior runBehavior, SqlCommand cmdHandler, SqlDataReader dataStream, BulkCopySimpleResultSet bulkCopyHandler, TdsParserStateObject stateObj, Boolean& dataReady)
   at Microsoft.Data.SqlClient.SqlDataReader.TryHasMoreRows(Boolean& moreRows)
   at Microsoft.Data.SqlClient.SqlDataReader.TryReadInternal(Boolean setTimeout, Boolean& more)
   at Microsoft.Data.SqlClient.SqlDataReader.TryNextResult(Boolean& more)
   at Microsoft.Data.SqlClient.SqlDataReader.NextResult()
   at System.Data.ProviderBase.DataReaderContainer.NextResult()
   at System.Data.Common.DataAdapter.FillNextResult(DataReaderContainer dataReader)
   at System.Data.Common.DataAdapter.FillFromReader(DataSet dataset, DataTable datatable, String srcTable, DataReaderContainer dataReader, Int32 startRecord, Int32 maxRecords, DataColumn parentChapterColumn, Object parentChapterValue)
   at System.Data.Common.DataAdapter.Fill(DataSet dataSet, String srcTable, IDataReader dataReader, Int32 startRecord, Int32 maxRecords)
   at System.Data.Common.DbDataAdapter.FillInternal(DataSet dataset, DataTable[] datatables, Int32 startRecord, Int32 maxRecords, String srcTable, IDbCommand command, CommandBehavior behavior)
   at System.Data.Common.DbDataAdapter.Fill(DataSet dataSet, Int32 startRecord, Int32 maxRecords, String srcTable, IDbCommand command, CommandBehavior behavior)
   at System.Data.Common.DbDataAdapter.Fill(DataSet dataSet)
   at MultiTenantHMS.BLL.Helper.DbHelper.ExecuteDataSetAsync(String storedProcedure, Action`1 addParameters) in D:\Surat\Product HMS\MultiTenantHMS.BLL\Helper\DbHelper.cs:line 53
   at MultiTenantHMS.BLL.Helper.DbHelper.ExecuteDataSetAsync(String storedProcedure, Action`1 addParameters) in D:\Surat\Product HMS\MultiTenantHMS.BLL\Helper\DbHelper.cs:line 60
   at MultiTenantHMS.BLL.Services.CommonService.ManageAsync(JsonObject model) in D:\Surat\Product HMS\MultiTenantHMS.BLL\Services\CommonService.cs:line 38
------------------------------------------------------------------
------------------------------------------------------------------
Timestamp: 2025-10-29 18:03:58
Exception Type: Microsoft.Data.SqlClient.SqlException
Message: Id not found for read operation
Stack Trace:    at Microsoft.Data.SqlClient.SqlConnection.OnError(SqlException exception, Boolean breakConnection, Action`1 wrapCloseInAction)
   at Microsoft.Data.SqlClient.SqlInternalConnection.OnError(SqlException exception, Boolean breakConnection, Action`1 wrapCloseInAction)
   at Microsoft.Data.SqlClient.TdsParser.ThrowExceptionAndWarning(TdsParserStateObject stateObj, SqlCommand command, Boolean callerHasConnectionLock, Boolean asyncClose)
   at Microsoft.Data.SqlClient.TdsParser.TryRun(RunBehavior runBehavior, SqlCommand cmdHandler, SqlDataReader dataStream, BulkCopySimpleResultSet bulkCopyHandler, TdsParserStateObject stateObj, Boolean& dataReady)
   at Microsoft.Data.SqlClient.SqlDataReader.TryHasMoreRows(Boolean& moreRows)
   at Microsoft.Data.SqlClient.SqlDataReader.TryReadInternal(Boolean setTimeout, Boolean& more)
   at Microsoft.Data.SqlClient.SqlDataReader.TryNextResult(Boolean& more)
   at Microsoft.Data.SqlClient.SqlDataReader.NextResult()
   at System.Data.ProviderBase.DataReaderContainer.NextResult()
   at System.Data.Common.DataAdapter.FillNextResult(DataReaderContainer dataReader)
   at System.Data.Common.DataAdapter.FillFromReader(DataSet dataset, DataTable datatable, String srcTable, DataReaderContainer dataReader, Int32 startRecord, Int32 maxRecords, DataColumn parentChapterColumn, Object parentChapterValue)
   at System.Data.Common.DataAdapter.Fill(DataSet dataSet, String srcTable, IDataReader dataReader, Int32 startRecord, Int32 maxRecords)
   at System.Data.Common.DbDataAdapter.FillInternal(DataSet dataset, DataTable[] datatables, Int32 startRecord, Int32 maxRecords, String srcTable, IDbCommand command, CommandBehavior behavior)
   at System.Data.Common.DbDataAdapter.Fill(DataSet dataSet, Int32 startRecord, Int32 maxRecords, String srcTable, IDbCommand command, CommandBehavior behavior)
   at System.Data.Common.DbDataAdapter.Fill(DataSet dataSet)
   at MultiTenantHMS.BLL.Helper.DbHelper.ExecuteDataSetAsync(String storedProcedure, Action`1 addParameters) in D:\Surat\Product HMS\MultiTenantHMS.BLL\Helper\DbHelper.cs:line 53
   at MultiTenantHMS.BLL.Helper.DbHelper.ExecuteDataSetAsync(String storedProcedure, Action`1 addParameters) in D:\Surat\Product HMS\MultiTenantHMS.BLL\Helper\DbHelper.cs:line 60
   at MultiTenantHMS.BLL.Services.CommonService.ManageAsync(JsonObject model) in D:\Surat\Product HMS\MultiTenantHMS.BLL\Services\CommonService.cs:line 38
------------------------------------------------------------------
------------------------------------------------------------------
Timestamp: 2025-10-29 18:05:26
Exception Type: Microsoft.Data.SqlClient.SqlException
Message: Id not found for read operation
Stack Trace:    at Microsoft.Data.SqlClient.SqlConnection.OnError(SqlException exception, Boolean breakConnection, Action`1 wrapCloseInAction)
   at Microsoft.Data.SqlClient.SqlInternalConnection.OnError(SqlException exception, Boolean breakConnection, Action`1 wrapCloseInAction)
   at Microsoft.Data.SqlClient.TdsParser.ThrowExceptionAndWarning(TdsParserStateObject stateObj, SqlCommand command, Boolean callerHasConnectionLock, Boolean asyncClose)
   at Microsoft.Data.SqlClient.TdsParser.TryRun(RunBehavior runBehavior, SqlCommand cmdHandler, SqlDataReader dataStream, BulkCopySimpleResultSet bulkCopyHandler, TdsParserStateObject stateObj, Boolean& dataReady)
   at Microsoft.Data.SqlClient.SqlDataReader.TryHasMoreRows(Boolean& moreRows)
   at Microsoft.Data.SqlClient.SqlDataReader.TryReadInternal(Boolean setTimeout, Boolean& more)
   at Microsoft.Data.SqlClient.SqlDataReader.TryNextResult(Boolean& more)
   at Microsoft.Data.SqlClient.SqlDataReader.NextResult()
   at System.Data.ProviderBase.DataReaderContainer.NextResult()
   at System.Data.Common.DataAdapter.FillNextResult(DataReaderContainer dataReader)
   at System.Data.Common.DataAdapter.FillFromReader(DataSet dataset, DataTable datatable, String srcTable, DataReaderContainer dataReader, Int32 startRecord, Int32 maxRecords, DataColumn parentChapterColumn, Object parentChapterValue)
   at System.Data.Common.DataAdapter.Fill(DataSet dataSet, String srcTable, IDataReader dataReader, Int32 startRecord, Int32 maxRecords)
   at System.Data.Common.DbDataAdapter.FillInternal(DataSet dataset, DataTable[] datatables, Int32 startRecord, Int32 maxRecords, String srcTable, IDbCommand command, CommandBehavior behavior)
   at System.Data.Common.DbDataAdapter.Fill(DataSet dataSet, Int32 startRecord, Int32 maxRecords, String srcTable, IDbCommand command, CommandBehavior behavior)
   at System.Data.Common.DbDataAdapter.Fill(DataSet dataSet)
   at MultiTenantHMS.BLL.Helper.DbHelper.ExecuteDataSetAsync(String storedProcedure, Action`1 addParameters) in D:\Surat\Product HMS\MultiTenantHMS.BLL\Helper\DbHelper.cs:line 53
   at MultiTenantHMS.BLL.Helper.DbHelper.ExecuteDataSetAsync(String storedProcedure, Action`1 addParameters) in D:\Surat\Product HMS\MultiTenantHMS.BLL\Helper\DbHelper.cs:line 60
   at MultiTenantHMS.BLL.Services.CommonService.ManageAsync(JsonObject model) in D:\Surat\Product HMS\MultiTenantHMS.BLL\Services\CommonService.cs:line 38
------------------------------------------------------------------
------------------------------------------------------------------
Timestamp: 2025-10-29 18:07:22
Exception Type: Microsoft.Data.SqlClient.SqlException
Message: Id not found for read operation
Stack Trace:    at Microsoft.Data.SqlClient.SqlConnection.OnError(SqlException exception, Boolean breakConnection, Action`1 wrapCloseInAction)
   at Microsoft.Data.SqlClient.SqlInternalConnection.OnError(SqlException exception, Boolean breakConnection, Action`1 wrapCloseInAction)
   at Microsoft.Data.SqlClient.TdsParser.ThrowExceptionAndWarning(TdsParserStateObject stateObj, SqlCommand command, Boolean callerHasConnectionLock, Boolean asyncClose)
   at Microsoft.Data.SqlClient.TdsParser.TryRun(RunBehavior runBehavior, SqlCommand cmdHandler, SqlDataReader dataStream, BulkCopySimpleResultSet bulkCopyHandler, TdsParserStateObject stateObj, Boolean& dataReady)
   at Microsoft.Data.SqlClient.SqlDataReader.TryHasMoreRows(Boolean& moreRows)
   at Microsoft.Data.SqlClient.SqlDataReader.TryReadInternal(Boolean setTimeout, Boolean& more)
   at Microsoft.Data.SqlClient.SqlDataReader.TryNextResult(Boolean& more)
   at Microsoft.Data.SqlClient.SqlDataReader.NextResult()
   at System.Data.ProviderBase.DataReaderContainer.NextResult()
   at System.Data.Common.DataAdapter.FillNextResult(DataReaderContainer dataReader)
   at System.Data.Common.DataAdapter.FillFromReader(DataSet dataset, DataTable datatable, String srcTable, DataReaderContainer dataReader, Int32 startRecord, Int32 maxRecords, DataColumn parentChapterColumn, Object parentChapterValue)
   at System.Data.Common.DataAdapter.Fill(DataSet dataSet, String srcTable, IDataReader dataReader, Int32 startRecord, Int32 maxRecords)
   at System.Data.Common.DbDataAdapter.FillInternal(DataSet dataset, DataTable[] datatables, Int32 startRecord, Int32 maxRecords, String srcTable, IDbCommand command, CommandBehavior behavior)
   at System.Data.Common.DbDataAdapter.Fill(DataSet dataSet, Int32 startRecord, Int32 maxRecords, String srcTable, IDbCommand command, CommandBehavior behavior)
   at System.Data.Common.DbDataAdapter.Fill(DataSet dataSet)
   at MultiTenantHMS.BLL.Helper.DbHelper.ExecuteDataSetAsync(String storedProcedure, Action`1 addParameters) in D:\Surat\Product HMS\MultiTenantHMS.BLL\Helper\DbHelper.cs:line 53
   at MultiTenantHMS.BLL.Helper.DbHelper.ExecuteDataSetAsync(String storedProcedure, Action`1 addParameters) in D:\Surat\Product HMS\MultiTenantHMS.BLL\Helper\DbHelper.cs:line 60
   at MultiTenantHMS.BLL.Services.CommonService.ManageAsync(JsonObject model) in D:\Surat\Product HMS\MultiTenantHMS.BLL\Services\CommonService.cs:line 38
------------------------------------------------------------------
